Component: Arm Compiler for Embedded 6.18 Tool: armlink [5e4cc100]

==============================================================================

Section Cross References

    startup.o(STACK) refers (Special) to heapauxi.o(.text) for __use_two_region_memory
    startup.o(HEAP) refers (Special) to heapauxi.o(.text) for __use_two_region_memory
    startup.o(RESET) refers (Special) to heapauxi.o(.text) for __use_two_region_memory
    startup.o(RESET) refers to startup.o(STACK) for StackMem
    startup.o(RESET) refers to main.o(.text.Timer2A_Handler) for Timer2A_Handler
    startup.o(RESET) refers to main.o(.text.GPIOPortJ_Handler) for GPIOPortJ_Handler
    startup.o(RESET) refers to __main.o(!!!main) for __main
    startup.o(.text) refers (Special) to heapauxi.o(.text) for __use_two_region_memory
    startup.o(.text) refers to startup.o(HEAP) for HeapMem
    startup.o(.text) refers to startup.o(STACK) for StackMem
    main.o(.text.main) refers to utils.o(.text) for PLL_Init
    main.o(.text.main) refers to gpio.o(.text.GPIO_Init) for GPIO_Init
    main.o(.text.main) refers to gpio.o(.text.LCD_init) for LCD_init
    main.o(.text.main) refers to main.o(.bss.estado_atual) for estado_atual
    main.o(.text.main) refers to main.o(.bss.tecla) for tecla
    main.o(.text.main) refers to main.o(.bss.voltas) for voltas
    main.o(.text.main) refers to main.o(.data.velocidade1) for velocidade1
    main.o(.text.main) refers to main.o(.data.velocidade2) for velocidade2
    main.o(.text.main) refers to main.o(.bss.velocidade) for velocidade
    main.o(.text.main) refers to main.o(.data.fim) for fim
    main.o(.text.main) refers to main.o(.bss.cont_passos) for cont_passos
    main.o(.text.main) refers to main.o(.bss.passo) for passo
    main.o(.text.main) refers to main.o(.bss.led_aceso) for led_aceso
    main.o(.text.main) refers to gpio.o(.text.Leitura_Teclado) for Leitura_Teclado
    main.o(.text.main) refers to gpio.o(.text.Enviar_Comando_LCD) for Enviar_Comando_LCD
    main.o(.text.main) refers to main.o(.data.voltas1) for voltas1
    main.o(.text.main) refers to gpio.o(.text.Escreve_no_LCD) for Escreve_no_LCD
    main.o(.text.main) refers to main.o(.data.voltas2) for voltas2
    main.o(.text.main) refers to main.o(.data.horario) for horario
    main.o(.text.main) refers to main.o(.data.antihorario) for antihorario
    main.o(.text.main) refers to main.o(.data.sentido) for sentido
    main.o(.text.main) refers to main.o(.text.ImprimeDados) for ImprimeDados
    main.o(.text.main) refers to main.o(.text.Bobina) for Bobina
    main.o(.ARM.exidx.text.main) refers to main.o(.text.main) for [Anonymous Symbol]
    main.o(.text.Inicializa) refers to main.o(.bss.cont_passos) for cont_passos
    main.o(.text.Inicializa) refers to main.o(.bss.passo) for passo
    main.o(.text.Inicializa) refers to main.o(.bss.voltas) for voltas
    main.o(.text.Inicializa) refers to main.o(.bss.tecla) for tecla
    main.o(.text.Inicializa) refers to main.o(.bss.led_aceso) for led_aceso
    main.o(.text.Inicializa) refers to gpio.o(.text.Leitura_Teclado) for Leitura_Teclado
    main.o(.ARM.exidx.text.Inicializa) refers to main.o(.text.Inicializa) for [Anonymous Symbol]
    main.o(.text.Liga_led) refers to gpio.o(.text.PortA_Output) for PortA_Output
    main.o(.text.Liga_led) refers to gpio.o(.text.PortQ_Output) for PortQ_Output
    main.o(.text.Liga_led) refers to gpio.o(.text.PortP_Output) for PortP_Output
    main.o(.ARM.exidx.text.Liga_led) refers to main.o(.text.Liga_led) for [Anonymous Symbol]
    main.o(.text.Rotaciona) refers to utils.o(.text) for SysTick_Wait1ms
    main.o(.text.Rotaciona) refers to main.o(.bss.passo) for passo
    main.o(.text.Rotaciona) refers to main.o(.bss.velocidade) for velocidade
    main.o(.text.Rotaciona) refers to main.o(.data.passo_completo) for passo_completo
    main.o(.text.Rotaciona) refers to main.o(.data.meio_passo) for meio_passo
    main.o(.text.Rotaciona) refers to gpio.o(.text.PortH_Output) for PortH_Output
    main.o(.text.Rotaciona) refers to main.o(.data.sentido) for sentido
    main.o(.text.Rotaciona) refers to main.o(.bss.cont_passos) for cont_passos
    main.o(.ARM.exidx.text.Rotaciona) refers to main.o(.text.Rotaciona) for [Anonymous Symbol]
    main.o(.text.GPIOPortJ_Handler) refers to main.o(.bss.voltas) for voltas
    main.o(.ARM.exidx.text.GPIOPortJ_Handler) refers to main.o(.text.GPIOPortJ_Handler) for [Anonymous Symbol]
    main.o(.text.Timer2A_Handler) refers to main.o(.bss.estado_atual) for estado_atual
    main.o(.text.Timer2A_Handler) refers to main.o(.data.led_timer) for led_timer
    main.o(.text.Timer2A_Handler) refers to gpio.o(.text.PortN_Output) for PortN_Output
    main.o(.ARM.exidx.text.Timer2A_Handler) refers to main.o(.text.Timer2A_Handler) for [Anonymous Symbol]
    main.o(.text.InverteLed) refers to main.o(.bss.estado_atual) for estado_atual
    main.o(.text.InverteLed) refers to main.o(.data.led_timer) for led_timer
    main.o(.text.InverteLed) refers to gpio.o(.text.PortN_Output) for PortN_Output
    main.o(.ARM.exidx.text.InverteLed) refers to main.o(.text.InverteLed) for [Anonymous Symbol]
    main.o(.text.recebeVoltas) refers to main.o(.bss.tecla) for tecla
    main.o(.text.recebeVoltas) refers to gpio.o(.text.Enviar_Comando_LCD) for Enviar_Comando_LCD
    main.o(.text.recebeVoltas) refers to main.o(.data.voltas1) for voltas1
    main.o(.text.recebeVoltas) refers to gpio.o(.text.Escreve_no_LCD) for Escreve_no_LCD
    main.o(.text.recebeVoltas) refers to main.o(.data.voltas2) for voltas2
    main.o(.text.recebeVoltas) refers to gpio.o(.text.Leitura_Teclado) for Leitura_Teclado
    main.o(.text.recebeVoltas) refers to main.o(.bss.voltas) for voltas
    main.o(.ARM.exidx.text.recebeVoltas) refers to main.o(.text.recebeVoltas) for [Anonymous Symbol]
    main.o(.text.recebeSentido) refers to gpio.o(.text.Enviar_Comando_LCD) for Enviar_Comando_LCD
    main.o(.text.recebeSentido) refers to main.o(.data.horario) for horario
    main.o(.text.recebeSentido) refers to gpio.o(.text.Escreve_no_LCD) for Escreve_no_LCD
    main.o(.text.recebeSentido) refers to main.o(.data.antihorario) for antihorario
    main.o(.text.recebeSentido) refers to main.o(.bss.tecla) for tecla
    main.o(.text.recebeSentido) refers to gpio.o(.text.Leitura_Teclado) for Leitura_Teclado
    main.o(.text.recebeSentido) refers to main.o(.data.sentido) for sentido
    main.o(.ARM.exidx.text.recebeSentido) refers to main.o(.text.recebeSentido) for [Anonymous Symbol]
    main.o(.text.recebeVelocidade) refers to gpio.o(.text.Enviar_Comando_LCD) for Enviar_Comando_LCD
    main.o(.text.recebeVelocidade) refers to main.o(.data.velocidade1) for velocidade1
    main.o(.text.recebeVelocidade) refers to gpio.o(.text.Escreve_no_LCD) for Escreve_no_LCD
    main.o(.text.recebeVelocidade) refers to main.o(.data.velocidade2) for velocidade2
    main.o(.text.recebeVelocidade) refers to main.o(.bss.tecla) for tecla
    main.o(.text.recebeVelocidade) refers to gpio.o(.text.Leitura_Teclado) for Leitura_Teclado
    main.o(.text.recebeVelocidade) refers to main.o(.bss.velocidade) for velocidade
    main.o(.ARM.exidx.text.recebeVelocidade) refers to main.o(.text.recebeVelocidade) for [Anonymous Symbol]
    main.o(.text.ImprimeDados) refers to gpio.o(.text.Enviar_Comando_LCD) for Enviar_Comando_LCD
    main.o(.text.ImprimeDados) refers to main.o(.bss.velocidade) for velocidade
    main.o(.text.ImprimeDados) refers to main.o(.data.imprimemeio) for imprimemeio
    main.o(.text.ImprimeDados) refers to main.o(.data.imprimecomp) for imprimecomp
    main.o(.text.ImprimeDados) refers to gpio.o(.text.Escreve_no_LCD) for Escreve_no_LCD
    main.o(.text.ImprimeDados) refers to main.o(.bss.voltas) for voltas
    main.o(.text.ImprimeDados) refers to main.o(.data.imprimehora) for imprimehora
    main.o(.text.ImprimeDados) refers to main.o(.data.imprimeanti) for imprimeanti
    main.o(.text.ImprimeDados) refers to main.o(.data.sentido) for sentido
    main.o(.ARM.exidx.text.ImprimeDados) refers to main.o(.text.ImprimeDados) for [Anonymous Symbol]
    main.o(.text.Bobina) refers to main.o(.bss.voltas) for voltas
    main.o(.text.Bobina) refers to main.o(.bss.cont_passos) for cont_passos
    main.o(.text.Bobina) refers to main.o(.bss.velocidade) for velocidade
    main.o(.text.Bobina) refers to main.o(.bss.led_aceso) for led_aceso
    main.o(.text.Bobina) refers to main.o(.data.sentido) for sentido
    main.o(.text.Bobina) refers to main.o(.data.imprimehora) for imprimehora
    main.o(.text.Bobina) refers to main.o(.data.imprimeanti) for imprimeanti
    main.o(.text.Bobina) refers to main.o(.text.Liga_led) for Liga_led
    main.o(.text.Bobina) refers to main.o(.text.Rotaciona) for Rotaciona
    main.o(.text.Bobina) refers to gpio.o(.text.Enviar_Comando_LCD) for Enviar_Comando_LCD
    main.o(.text.Bobina) refers to gpio.o(.text.Escreve_no_LCD) for Escreve_no_LCD
    main.o(.text.Bobina) refers to gpio.o(.text.PortA_Output) for PortA_Output
    main.o(.text.Bobina) refers to gpio.o(.text.PortQ_Output) for PortQ_Output
    main.o(.text.Bobina) refers to gpio.o(.text.PortP_Output) for PortP_Output
    main.o(.ARM.exidx.text.Bobina) refers to main.o(.text.Bobina) for [Anonymous Symbol]
    gpio.o(.ARM.exidx.text.GPIO_Init) refers to gpio.o(.text.GPIO_Init) for [Anonymous Symbol]
    gpio.o(.ARM.exidx.text.PortJ_Input) refers to gpio.o(.text.PortJ_Input) for [Anonymous Symbol]
    gpio.o(.ARM.exidx.text.PortN_Output) refers to gpio.o(.text.PortN_Output) for [Anonymous Symbol]
    gpio.o(.ARM.exidx.text.PortA_Output) refers to gpio.o(.text.PortA_Output) for [Anonymous Symbol]
    gpio.o(.ARM.exidx.text.PortH_Output) refers to gpio.o(.text.PortH_Output) for [Anonymous Symbol]
    gpio.o(.ARM.exidx.text.PortQ_Output) refers to gpio.o(.text.PortQ_Output) for [Anonymous Symbol]
    gpio.o(.ARM.exidx.text.PortP_Output) refers to gpio.o(.text.PortP_Output) for [Anonymous Symbol]
    gpio.o(.text.LCD_init) refers to utils.o(.text) for SysTick_Wait1ms
    gpio.o(.ARM.exidx.text.LCD_init) refers to gpio.o(.text.LCD_init) for [Anonymous Symbol]
    gpio.o(.text.Enviar_Comando_LCD) refers to utils.o(.text) for SysTick_Wait1ms
    gpio.o(.ARM.exidx.text.Enviar_Comando_LCD) refers to gpio.o(.text.Enviar_Comando_LCD) for [Anonymous Symbol]
    gpio.o(.text.Escreve_no_LCD) refers to utils.o(.text) for SysTick_Wait1ms
    gpio.o(.ARM.exidx.text.Escreve_no_LCD) refers to gpio.o(.text.Escreve_no_LCD) for [Anonymous Symbol]
    gpio.o(.ARM.exidx.text.Ler_coluna) refers to gpio.o(.text.Ler_coluna) for [Anonymous Symbol]
    gpio.o(.ARM.exidx.text.Ler_portaL) refers to gpio.o(.text.Ler_portaL) for [Anonymous Symbol]
    gpio.o(.text.Leitura_Teclado) refers to gpio.o(.bss.tecla_pressionada) for tecla_pressionada
    gpio.o(.text.Leitura_Teclado) refers to utils.o(.text) for SysTick_Wait1ms
    gpio.o(.text.Leitura_Teclado) refers to gpio.o(.data.coluna) for coluna
    gpio.o(.text.Leitura_Teclado) refers to gpio.o(.bss.linha) for linha
    gpio.o(.text.Leitura_Teclado) refers to gpio.o(.text.Converte_Tecla) for Converte_Tecla
    gpio.o(.ARM.exidx.text.Leitura_Teclado) refers to gpio.o(.text.Leitura_Teclado) for [Anonymous Symbol]
    gpio.o(.text.Converte_Tecla) refers to gpio.o(.bss.tecla_pressionada) for tecla_pressionada
    gpio.o(.ARM.exidx.text.Converte_Tecla) refers to gpio.o(.text.Converte_Tecla) for [Anonymous Symbol]
    __main.o(!!!main) refers to __rtentry.o(.ARM.Collect$$rtentry$$00000000) for __rt_entry
    __rtentry.o(.ARM.Collect$$rtentry$$00000000) refers (Special) to __rtentry2.o(.ARM.Collect$$rtentry$$0000000A) for __rt_entry_li
    __rtentry.o(.ARM.Collect$$rtentry$$00000000) refers (Special) to __rtentry2.o(.ARM.Collect$$rtentry$$0000000D) for __rt_entry_main
    __rtentry.o(.ARM.Collect$$rtentry$$00000000) refers (Special) to __rtentry2.o(.ARM.Collect$$rtentry$$0000000C) for __rt_entry_postli_1
    __rtentry.o(.ARM.Collect$$rtentry$$00000000) refers (Special) to __rtentry2.o(.ARM.Collect$$rtentry$$00000009) for __rt_entry_postsh_1
    __rtentry.o(.ARM.Collect$$rtentry$$00000000) refers (Special) to __rtentry2.o(.ARM.Collect$$rtentry$$00000002) for __rt_entry_presh_1
    __rtentry.o(.ARM.Collect$$rtentry$$00000000) refers (Special) to __rtentry4.o(.ARM.Collect$$rtentry$$00000004) for __rt_entry_sh
    __rtentry2.o(.ARM.Collect$$rtentry$$00000008) refers to boardinit2.o(.text) for _platform_post_stackheap_init
    __rtentry2.o(.ARM.Collect$$rtentry$$0000000A) refers to libinit.o(.ARM.Collect$$libinit$$00000000) for __rt_lib_init
    __rtentry2.o(.ARM.Collect$$rtentry$$0000000B) refers to boardinit3.o(.text) for _platform_post_lib_init
    __rtentry2.o(.ARM.Collect$$rtentry$$0000000D) refers to main.o(.text.main) for main
    __rtentry2.o(.ARM.Collect$$rtentry$$0000000D) refers to exit.o(.text) for exit
    __rtentry2.o(.ARM.exidx) refers to __rtentry2.o(.ARM.Collect$$rtentry$$00000001) for .ARM.Collect$$rtentry$$00000001
    __rtentry2.o(.ARM.exidx) refers to __rtentry2.o(.ARM.Collect$$rtentry$$00000008) for .ARM.Collect$$rtentry$$00000008
    __rtentry2.o(.ARM.exidx) refers to __rtentry2.o(.ARM.Collect$$rtentry$$0000000A) for .ARM.Collect$$rtentry$$0000000A
    __rtentry2.o(.ARM.exidx) refers to __rtentry2.o(.ARM.Collect$$rtentry$$0000000B) for .ARM.Collect$$rtentry$$0000000B
    __rtentry2.o(.ARM.exidx) refers to __rtentry2.o(.ARM.Collect$$rtentry$$0000000D) for .ARM.Collect$$rtentry$$0000000D
    __rtentry4.o(.ARM.Collect$$rtentry$$00000004) refers to sys_stackheap_outer.o(.text) for __user_setup_stackheap
    __rtentry4.o(.ARM.exidx) refers to __rtentry4.o(.ARM.Collect$$rtentry$$00000004) for .ARM.Collect$$rtentry$$00000004
    sys_stackheap_outer.o(.text) refers to libspace.o(.text) for __user_perproc_libspace
    sys_stackheap_outer.o(.text) refers to startup.o(.text) for __user_initial_stackheap
    exit.o(.text) refers to rtexit.o(.ARM.Collect$$rtexit$$00000000) for __rt_exit
    libinit.o(.ARM.Collect$$libinit$$00000000) refers (Special) to libinit2.o(.ARM.Collect$$libinit$$00000030) for __rt_lib_init_alloca_1
    libinit.o(.ARM.Collect$$libinit$$00000000) refers (Special) to libinit2.o(.ARM.Collect$$libinit$$0000002E) for __rt_lib_init_argv_1
    libinit.o(.ARM.Collect$$libinit$$00000000) refers (Special) to libinit2.o(.ARM.Collect$$libinit$$0000001D) for __rt_lib_init_atexit_1
    libinit.o(.ARM.Collect$$libinit$$00000000) refers (Special) to libinit2.o(.ARM.Collect$$libinit$$00000023) for __rt_lib_init_clock_1
    libinit.o(.ARM.Collect$$libinit$$00000000) refers (Special) to libinit2.o(.ARM.Collect$$libinit$$00000034) for __rt_lib_init_cpp_1
    libinit.o(.ARM.Collect$$libinit$$00000000) refers (Special) to libinit2.o(.ARM.Collect$$libinit$$00000032) for __rt_lib_init_exceptions_1
    libinit.o(.ARM.Collect$$libinit$$00000000) refers (Special) to libinit2.o(.ARM.Collect$$libinit$$00000001) for __rt_lib_init_fp_1
    libinit.o(.ARM.Collect$$libinit$$00000000) refers (Special) to libinit2.o(.ARM.Collect$$libinit$$00000021) for __rt_lib_init_fp_trap_1
    libinit.o(.ARM.Collect$$libinit$$00000000) refers (Special) to libinit2.o(.ARM.Collect$$libinit$$00000025) for __rt_lib_init_getenv_1
    libinit.o(.ARM.Collect$$libinit$$00000000) refers (Special) to libinit2.o(.ARM.Collect$$libinit$$0000000C) for __rt_lib_init_heap_1
    libinit.o(.ARM.Collect$$libinit$$00000000) refers (Special) to libinit2.o(.ARM.Collect$$libinit$$00000013) for __rt_lib_init_lc_collate_1
    libinit.o(.ARM.Collect$$libinit$$00000000) refers (Special) to libinit2.o(.ARM.Collect$$libinit$$00000015) for __rt_lib_init_lc_ctype_1
    libinit.o(.ARM.Collect$$libinit$$00000000) refers (Special) to libinit2.o(.ARM.Collect$$libinit$$00000017) for __rt_lib_init_lc_monetary_1
    libinit.o(.ARM.Collect$$libinit$$00000000) refers (Special) to libinit2.o(.ARM.Collect$$libinit$$00000019) for __rt_lib_init_lc_numeric_1
    libinit.o(.ARM.Collect$$libinit$$00000000) refers (Special) to libinit2.o(.ARM.Collect$$libinit$$0000001B) for __rt_lib_init_lc_time_1
    libinit.o(.ARM.Collect$$libinit$$00000000) refers (Special) to libinit2.o(.ARM.Collect$$libinit$$00000006) for __rt_lib_init_preinit_1
    libinit.o(.ARM.Collect$$libinit$$00000000) refers (Special) to libinit2.o(.ARM.Collect$$libinit$$00000010) for __rt_lib_init_rand_1
    libinit.o(.ARM.Collect$$libinit$$00000000) refers (Special) to libinit2.o(.ARM.Collect$$libinit$$00000004) for __rt_lib_init_relocate_pie_1
    libinit.o(.ARM.Collect$$libinit$$00000000) refers (Special) to libinit2.o(.ARM.Collect$$libinit$$00000035) for __rt_lib_init_return
    libinit.o(.ARM.Collect$$libinit$$00000000) refers (Special) to libinit2.o(.ARM.Collect$$libinit$$0000001F) for __rt_lib_init_signal_1
    libinit.o(.ARM.Collect$$libinit$$00000000) refers (Special) to libinit2.o(.ARM.Collect$$libinit$$00000027) for __rt_lib_init_stdio_1
    libinit.o(.ARM.Collect$$libinit$$00000000) refers (Special) to libinit2.o(.ARM.Collect$$libinit$$0000000E) for __rt_lib_init_user_alloc_1
    libspace.o(.text) refers to libspace.o(.bss) for __libspace_start
    rtexit.o(.ARM.Collect$$rtexit$$00000000) refers (Special) to rtexit2.o(.ARM.Collect$$rtexit$$00000004) for __rt_exit_exit
    rtexit.o(.ARM.Collect$$rtexit$$00000000) refers (Special) to rtexit2.o(.ARM.Collect$$rtexit$$00000003) for __rt_exit_ls
    rtexit.o(.ARM.Collect$$rtexit$$00000000) refers (Special) to rtexit2.o(.ARM.Collect$$rtexit$$00000002) for __rt_exit_prels_1
    rtexit.o(.ARM.exidx) refers (Special) to rtexit2.o(.ARM.Collect$$rtexit$$00000004) for __rt_exit_exit
    rtexit.o(.ARM.exidx) refers (Special) to rtexit2.o(.ARM.Collect$$rtexit$$00000003) for __rt_exit_ls
    rtexit.o(.ARM.exidx) refers (Special) to rtexit2.o(.ARM.Collect$$rtexit$$00000002) for __rt_exit_prels_1
    rtexit.o(.ARM.exidx) refers to rtexit.o(.ARM.Collect$$rtexit$$00000000) for .ARM.Collect$$rtexit$$00000000
    libinit2.o(.ARM.Collect$$libinit$$00000001) refers to fpinit.o(x$fpl$fpinit) for _fp_init
    libinit2.o(.ARM.Collect$$libinit$$00000012) refers to libinit2.o(.ARM.Collect$$libinit$$00000011) for .ARM.Collect$$libinit$$00000011
    libinit2.o(.ARM.Collect$$libinit$$00000014) refers to libinit2.o(.ARM.Collect$$libinit$$00000011) for .ARM.Collect$$libinit$$00000011
    libinit2.o(.ARM.Collect$$libinit$$00000016) refers to libinit2.o(.ARM.Collect$$libinit$$00000011) for .ARM.Collect$$libinit$$00000011
    libinit2.o(.ARM.Collect$$libinit$$00000018) refers to libinit2.o(.ARM.Collect$$libinit$$00000011) for .ARM.Collect$$libinit$$00000011
    libinit2.o(.ARM.Collect$$libinit$$0000001A) refers to libinit2.o(.ARM.Collect$$libinit$$00000011) for .ARM.Collect$$libinit$$00000011
    libinit2.o(.ARM.Collect$$libinit$$00000028) refers to argv_veneer.o(.emb_text) for __ARM_argv_veneer
    libinit2.o(.ARM.Collect$$libinit$$00000029) refers to argv_veneer.o(.emb_text) for __ARM_argv_veneer
    rtexit2.o(.ARM.Collect$$rtexit$$00000003) refers to libshutdown.o(.ARM.Collect$$libshutdown$$00000000) for __rt_lib_shutdown
    rtexit2.o(.ARM.Collect$$rtexit$$00000004) refers to sys_exit.o(.text) for _sys_exit
    rtexit2.o(.ARM.exidx) refers to rtexit2.o(.ARM.Collect$$rtexit$$00000001) for .ARM.Collect$$rtexit$$00000001
    rtexit2.o(.ARM.exidx) refers to rtexit2.o(.ARM.Collect$$rtexit$$00000003) for .ARM.Collect$$rtexit$$00000003
    rtexit2.o(.ARM.exidx) refers to rtexit2.o(.ARM.Collect$$rtexit$$00000004) for .ARM.Collect$$rtexit$$00000004
    argv_veneer.o(.emb_text) refers to no_argv.o(.text) for __ARM_get_argv
    sys_exit.o(.text) refers (Special) to use_no_semi.o(.text) for __I$use$semihosting
    sys_exit.o(.text) refers (Special) to indicate_semi.o(.text) for __semihosting_library_function
    sys_exit_hlt.o(.text) refers (Special) to use_no_semi.o(.text) for __I$use$semihosting
    sys_exit_hlt.o(.text) refers (Special) to indicate_semi.o(.text) for __semihosting_library_function
    _get_argv_nomalloc.o(.text) refers (Special) to hrguard.o(.text) for __heap_region$guard
    _get_argv_nomalloc.o(.text) refers to defsig_rtmem_outer.o(.text) for __rt_SIGRTMEM
    _get_argv_nomalloc.o(.text) refers to sys_command.o(.text) for _sys_command_string
    libshutdown.o(.ARM.Collect$$libshutdown$$00000000) refers (Special) to libshutdown2.o(.ARM.Collect$$libshutdown$$00000002) for __rt_lib_shutdown_cpp_1
    libshutdown.o(.ARM.Collect$$libshutdown$$00000000) refers (Special) to libshutdown2.o(.ARM.Collect$$libshutdown$$00000007) for __rt_lib_shutdown_fp_trap_1
    libshutdown.o(.ARM.Collect$$libshutdown$$00000000) refers (Special) to libshutdown2.o(.ARM.Collect$$libshutdown$$0000000F) for __rt_lib_shutdown_heap_1
    libshutdown.o(.ARM.Collect$$libshutdown$$00000000) refers (Special) to libshutdown2.o(.ARM.Collect$$libshutdown$$00000010) for __rt_lib_shutdown_return
    libshutdown.o(.ARM.Collect$$libshutdown$$00000000) refers (Special) to libshutdown2.o(.ARM.Collect$$libshutdown$$0000000A) for __rt_lib_shutdown_signal_1
    libshutdown.o(.ARM.Collect$$libshutdown$$00000000) refers (Special) to libshutdown2.o(.ARM.Collect$$libshutdown$$00000004) for __rt_lib_shutdown_stdio_1
    libshutdown.o(.ARM.Collect$$libshutdown$$00000000) refers (Special) to libshutdown2.o(.ARM.Collect$$libshutdown$$0000000C) for __rt_lib_shutdown_user_alloc_1
    sys_command.o(.text) refers (Special) to use_no_semi.o(.text) for __I$use$semihosting
    sys_command.o(.text) refers (Special) to indicate_semi.o(.text) for __semihosting_library_function
    sys_command_hlt.o(.text) refers (Special) to use_no_semi.o(.text) for __I$use$semihosting
    sys_command_hlt.o(.text) refers (Special) to indicate_semi.o(.text) for __semihosting_library_function
    defsig_rtmem_outer.o(.text) refers to defsig_rtmem_inner.o(.text) for __rt_SIGRTMEM_inner
    defsig_rtmem_outer.o(.text) refers to defsig_exit.o(.text) for __sig_exit
    defsig_rtmem_formal.o(.text) refers to rt_raise.o(.text) for __rt_raise
    rt_raise.o(.text) refers to __raise.o(.text) for __raise
    rt_raise.o(.text) refers to sys_exit.o(.text) for _sys_exit
    defsig_exit.o(.text) refers to sys_exit.o(.text) for _sys_exit
    defsig_rtmem_inner.o(.text) refers to defsig_general.o(.text) for __default_signal_display
    __raise.o(.text) refers to defsig.o(CL$$defsig) for __default_signal_handler
    defsig_general.o(.text) refers to sys_wrch.o(.text) for _ttywrch
    sys_wrch.o(.text) refers (Special) to use_no_semi.o(.text) for __I$use$semihosting
    sys_wrch.o(.text) refers (Special) to indicate_semi.o(.text) for __semihosting_library_function
    sys_wrch_hlt.o(.text) refers (Special) to use_no_semi.o(.text) for __I$use$semihosting
    sys_wrch_hlt.o(.text) refers (Special) to indicate_semi.o(.text) for __semihosting_library_function
    defsig.o(CL$$defsig) refers to defsig_rtmem_inner.o(.text) for __rt_SIGRTMEM_inner
    defsig_abrt_inner.o(.text) refers to defsig_general.o(.text) for __default_signal_display
    defsig_fpe_inner.o(.text) refers to defsig_general.o(.text) for __default_signal_display
    defsig_rtred_inner.o(.text) refers to defsig_general.o(.text) for __default_signal_display
    defsig_stak_inner.o(.text) refers to defsig_general.o(.text) for __default_signal_display
    defsig_pvfn_inner.o(.text) refers to defsig_general.o(.text) for __default_signal_display
    defsig_cppl_inner.o(.text) refers to defsig_general.o(.text) for __default_signal_display
    defsig_segv_inner.o(.text) refers to defsig_general.o(.text) for __default_signal_display
    defsig_other.o(.text) refers to defsig_general.o(.text) for __default_signal_display


==============================================================================

Removing Unused input sections from the image.

    Removing main.o(.text), (0 bytes).
    Removing main.o(.ARM.exidx.text.main), (8 bytes).
    Removing main.o(.text.Inicializa), (62 bytes).
    Removing main.o(.ARM.exidx.text.Inicializa), (8 bytes).
    Removing main.o(.ARM.exidx.text.Liga_led), (8 bytes).
    Removing main.o(.ARM.exidx.text.Rotaciona), (8 bytes).
    Removing main.o(.ARM.exidx.text.GPIOPortJ_Handler), (8 bytes).
    Removing main.o(.ARM.exidx.text.Timer2A_Handler), (8 bytes).
    Removing main.o(.text.InverteLed), (56 bytes).
    Removing main.o(.ARM.exidx.text.InverteLed), (8 bytes).
    Removing main.o(.text.recebeVoltas), (94 bytes).
    Removing main.o(.ARM.exidx.text.recebeVoltas), (8 bytes).
    Removing main.o(.text.recebeSentido), (94 bytes).
    Removing main.o(.ARM.exidx.text.recebeSentido), (8 bytes).
    Removing main.o(.text.recebeVelocidade), (86 bytes).
    Removing main.o(.ARM.exidx.text.recebeVelocidade), (8 bytes).
    Removing main.o(.ARM.exidx.text.ImprimeDados), (8 bytes).
    Removing main.o(.ARM.exidx.text.Bobina), (8 bytes).
    Removing main.o(.ARM.use_no_argv), (4 bytes).
    Removing gpio.o(.text), (0 bytes).
    Removing gpio.o(.ARM.exidx.text.GPIO_Init), (8 bytes).
    Removing gpio.o(.text.PortJ_Input), (12 bytes).
    Removing gpio.o(.ARM.exidx.text.PortJ_Input), (8 bytes).
    Removing gpio.o(.ARM.exidx.text.PortN_Output), (8 bytes).
    Removing gpio.o(.ARM.exidx.text.PortA_Output), (8 bytes).
    Removing gpio.o(.ARM.exidx.text.PortH_Output), (8 bytes).
    Removing gpio.o(.ARM.exidx.text.PortQ_Output), (8 bytes).
    Removing gpio.o(.ARM.exidx.text.PortP_Output), (8 bytes).
    Removing gpio.o(.ARM.exidx.text.LCD_init), (8 bytes).
    Removing gpio.o(.ARM.exidx.text.Enviar_Comando_LCD), (8 bytes).
    Removing gpio.o(.ARM.exidx.text.Escreve_no_LCD), (8 bytes).
    Removing gpio.o(.text.Ler_coluna), (34 bytes).
    Removing gpio.o(.ARM.exidx.text.Ler_coluna), (8 bytes).
    Removing gpio.o(.text.Ler_portaL), (12 bytes).
    Removing gpio.o(.ARM.exidx.text.Ler_portaL), (8 bytes).
    Removing gpio.o(.ARM.exidx.text.Leitura_Teclado), (8 bytes).
    Removing gpio.o(.ARM.exidx.text.Converte_Tecla), (8 bytes).

37 unused section(s) (total 662 bytes) removed from the image.

==============================================================================

Image Symbol Table

    Local Symbols

    Symbol Name                              Value     Ov Type        Size  Object(Section)

    ../clib/angel/boardlib.s                 0x00000000   Number         0  boardinit1.o ABSOLUTE
    ../clib/angel/boardlib.s                 0x00000000   Number         0  boardinit2.o ABSOLUTE
    ../clib/angel/boardlib.s                 0x00000000   Number         0  boardinit3.o ABSOLUTE
    ../clib/angel/boardlib.s                 0x00000000   Number         0  boardshut.o ABSOLUTE
    ../clib/angel/handlers.s                 0x00000000   Number         0  __scatter_copy.o ABSOLUTE
    ../clib/angel/handlers.s                 0x00000000   Number         0  __scatter_zi.o ABSOLUTE
    ../clib/angel/kernel.s                   0x00000000   Number         0  __rtentry.o ABSOLUTE
    ../clib/angel/kernel.s                   0x00000000   Number         0  __rtentry2.o ABSOLUTE
    ../clib/angel/kernel.s                   0x00000000   Number         0  __rtentry4.o ABSOLUTE
    ../clib/angel/kernel.s                   0x00000000   Number         0  rtexit.o ABSOLUTE
    ../clib/angel/kernel.s                   0x00000000   Number         0  rtexit2.o ABSOLUTE
    ../clib/angel/rt.s                       0x00000000   Number         0  rt_raise.o ABSOLUTE
    ../clib/angel/scatter.s                  0x00000000   Number         0  __scatter.o ABSOLUTE
    ../clib/angel/startup.s                  0x00000000   Number         0  __main.o ABSOLUTE
    ../clib/angel/sys.s                      0x00000000   Number         0  sys_stackheap_outer.o ABSOLUTE
    ../clib/angel/sys.s                      0x00000000   Number         0  libspace.o ABSOLUTE
    ../clib/angel/sys.s                      0x00000000   Number         0  use_no_semi.o ABSOLUTE
    ../clib/angel/sys.s                      0x00000000   Number         0  indicate_semi.o ABSOLUTE
    ../clib/angel/sysapp.c                   0x00000000   Number         0  sys_exit.o ABSOLUTE
    ../clib/angel/sysapp.c                   0x00000000   Number         0  sys_exit_hlt.o ABSOLUTE
    ../clib/angel/sysapp.c                   0x00000000   Number         0  sys_command.o ABSOLUTE
    ../clib/angel/sysapp.c                   0x00000000   Number         0  sys_command_hlt.o ABSOLUTE
    ../clib/angel/sysapp.c                   0x00000000   Number         0  sys_wrch.o ABSOLUTE
    ../clib/angel/sysapp.c                   0x00000000   Number         0  sys_wrch_hlt.o ABSOLUTE
    ../clib/armsys.c                         0x00000000   Number         0  argv_veneer.o ABSOLUTE
    ../clib/armsys.c                         0x00000000   Number         0  argv_veneer.o ABSOLUTE
    ../clib/armsys.c                         0x00000000   Number         0  _get_argv_nomalloc.o ABSOLUTE
    ../clib/armsys.c                         0x00000000   Number         0  no_argv.o ABSOLUTE
    ../clib/heapalloc.c                      0x00000000   Number         0  hrguard.o ABSOLUTE
    ../clib/heapaux.c                        0x00000000   Number         0  heapauxi.o ABSOLUTE
    ../clib/libinit.s                        0x00000000   Number         0  libinit.o ABSOLUTE
    ../clib/libinit.s                        0x00000000   Number         0  libinit2.o ABSOLUTE
    ../clib/libinit.s                        0x00000000   Number         0  libshutdown.o ABSOLUTE
    ../clib/libinit.s                        0x00000000   Number         0  libshutdown2.o ABSOLUTE
    ../clib/signal.c                         0x00000000   Number         0  defsig_rtmem_outer.o ABSOLUTE
    ../clib/signal.c                         0x00000000   Number         0  defsig_rtmem_formal.o ABSOLUTE
    ../clib/signal.c                         0x00000000   Number         0  defsig_exit.o ABSOLUTE
    ../clib/signal.c                         0x00000000   Number         0  defsig_rtmem_inner.o ABSOLUTE
    ../clib/signal.c                         0x00000000   Number         0  __raise.o ABSOLUTE
    ../clib/signal.c                         0x00000000   Number         0  defsig_general.o ABSOLUTE
    ../clib/signal.c                         0x00000000   Number         0  defsig_abrt_inner.o ABSOLUTE
    ../clib/signal.c                         0x00000000   Number         0  defsig_fpe_inner.o ABSOLUTE
    ../clib/signal.c                         0x00000000   Number         0  defsig_rtred_inner.o ABSOLUTE
    ../clib/signal.c                         0x00000000   Number         0  defsig_stak_inner.o ABSOLUTE
    ../clib/signal.c                         0x00000000   Number         0  defsig_pvfn_inner.o ABSOLUTE
    ../clib/signal.c                         0x00000000   Number         0  defsig_cppl_inner.o ABSOLUTE
    ../clib/signal.c                         0x00000000   Number         0  defsig_segv_inner.o ABSOLUTE
    ../clib/signal.c                         0x00000000   Number         0  defsig_other.o ABSOLUTE
    ../clib/signal.s                         0x00000000   Number         0  defsig.o ABSOLUTE
    ../clib/stdlib.c                         0x00000000   Number         0  exit.o ABSOLUTE
    ../fplib/fpinit.s                        0x00000000   Number         0  fpinit.o ABSOLUTE
    dc.s                                     0x00000000   Number         0  dc.o ABSOLUTE
    gpio.c                                   0x00000000   Number         0  gpio.o ABSOLUTE
    main.c                                   0x00000000   Number         0  main.o ABSOLUTE
    startup.s                                0x00000000   Number         0  startup.o ABSOLUTE
    utils.s                                  0x00000000   Number         0  utils.o ABSOLUTE
    RESET                                    0x00000000   Section      560  startup.o(RESET)
    $v0                                      0x00000208   Number         0  startup.o(RESET)
    !!!main                                  0x00000230   Section        8  __main.o(!!!main)
    !!!scatter                               0x00000238   Section       52  __scatter.o(!!!scatter)
    !!handler_copy                           0x0000026c   Section       26  __scatter_copy.o(!!handler_copy)
    !!handler_zi                             0x00000288   Section       28  __scatter_zi.o(!!handler_zi)
    .ARM.Collect$$libinit$$00000000          0x000002a4   Section        2  libinit.o(.ARM.Collect$$libinit$$00000000)
    .ARM.Collect$$libinit$$00000001          0x000002a6   Section        4  libinit2.o(.ARM.Collect$$libinit$$00000001)
    .ARM.Collect$$libinit$$00000004          0x000002aa   Section        0  libinit2.o(.ARM.Collect$$libinit$$00000004)
    .ARM.Collect$$libinit$$00000006          0x000002aa   Section        0  libinit2.o(.ARM.Collect$$libinit$$00000006)
    .ARM.Collect$$libinit$$0000000C          0x000002aa   Section        0  libinit2.o(.ARM.Collect$$libinit$$0000000C)
    .ARM.Collect$$libinit$$0000000E          0x000002aa   Section        0  libinit2.o(.ARM.Collect$$libinit$$0000000E)
    .ARM.Collect$$libinit$$00000010          0x000002aa   Section        0  libinit2.o(.ARM.Collect$$libinit$$00000010)
    .ARM.Collect$$libinit$$00000013          0x000002aa   Section        0  libinit2.o(.ARM.Collect$$libinit$$00000013)
    .ARM.Collect$$libinit$$00000015          0x000002aa   Section        0  libinit2.o(.ARM.Collect$$libinit$$00000015)
    .ARM.Collect$$libinit$$00000017          0x000002aa   Section        0  libinit2.o(.ARM.Collect$$libinit$$00000017)
    .ARM.Collect$$libinit$$00000019          0x000002aa   Section        0  libinit2.o(.ARM.Collect$$libinit$$00000019)
    .ARM.Collect$$libinit$$0000001B          0x000002aa   Section        0  libinit2.o(.ARM.Collect$$libinit$$0000001B)
    .ARM.Collect$$libinit$$0000001D          0x000002aa   Section        0  libinit2.o(.ARM.Collect$$libinit$$0000001D)
    .ARM.Collect$$libinit$$0000001F          0x000002aa   Section        0  libinit2.o(.ARM.Collect$$libinit$$0000001F)
    .ARM.Collect$$libinit$$00000021          0x000002aa   Section        0  libinit2.o(.ARM.Collect$$libinit$$00000021)
    .ARM.Collect$$libinit$$00000023          0x000002aa   Section        0  libinit2.o(.ARM.Collect$$libinit$$00000023)
    .ARM.Collect$$libinit$$00000025          0x000002aa   Section        0  libinit2.o(.ARM.Collect$$libinit$$00000025)
    .ARM.Collect$$libinit$$00000027          0x000002aa   Section        0  libinit2.o(.ARM.Collect$$libinit$$00000027)
    .ARM.Collect$$libinit$$0000002E          0x000002aa   Section        0  libinit2.o(.ARM.Collect$$libinit$$0000002E)
    .ARM.Collect$$libinit$$00000030          0x000002aa   Section        0  libinit2.o(.ARM.Collect$$libinit$$00000030)
    .ARM.Collect$$libinit$$00000032          0x000002aa   Section        0  libinit2.o(.ARM.Collect$$libinit$$00000032)
    .ARM.Collect$$libinit$$00000034          0x000002aa   Section        0  libinit2.o(.ARM.Collect$$libinit$$00000034)
    .ARM.Collect$$libinit$$00000035          0x000002aa   Section        2  libinit2.o(.ARM.Collect$$libinit$$00000035)
    .ARM.Collect$$libshutdown$$00000000      0x000002ac   Section        2  libshutdown.o(.ARM.Collect$$libshutdown$$00000000)
    .ARM.Collect$$libshutdown$$00000002      0x000002ae   Section        0  libshutdown2.o(.ARM.Collect$$libshutdown$$00000002)
    .ARM.Collect$$libshutdown$$00000004      0x000002ae   Section        0  libshutdown2.o(.ARM.Collect$$libshutdown$$00000004)
    .ARM.Collect$$libshutdown$$00000007      0x000002ae   Section        0  libshutdown2.o(.ARM.Collect$$libshutdown$$00000007)
    .ARM.Collect$$libshutdown$$0000000A      0x000002ae   Section        0  libshutdown2.o(.ARM.Collect$$libshutdown$$0000000A)
    .ARM.Collect$$libshutdown$$0000000C      0x000002ae   Section        0  libshutdown2.o(.ARM.Collect$$libshutdown$$0000000C)
    .ARM.Collect$$libshutdown$$0000000F      0x000002ae   Section        0  libshutdown2.o(.ARM.Collect$$libshutdown$$0000000F)
    .ARM.Collect$$libshutdown$$00000010      0x000002ae   Section        2  libshutdown2.o(.ARM.Collect$$libshutdown$$00000010)
    .ARM.Collect$$rtentry$$00000000          0x000002b0   Section        0  __rtentry.o(.ARM.Collect$$rtentry$$00000000)
    .ARM.Collect$$rtentry$$00000002          0x000002b0   Section        0  __rtentry2.o(.ARM.Collect$$rtentry$$00000002)
    .ARM.Collect$$rtentry$$00000004          0x000002b0   Section        6  __rtentry4.o(.ARM.Collect$$rtentry$$00000004)
    .ARM.Collect$$rtentry$$00000009          0x000002b6   Section        0  __rtentry2.o(.ARM.Collect$$rtentry$$00000009)
    .ARM.Collect$$rtentry$$0000000A          0x000002b6   Section        4  __rtentry2.o(.ARM.Collect$$rtentry$$0000000A)
    .ARM.Collect$$rtentry$$0000000C          0x000002ba   Section        0  __rtentry2.o(.ARM.Collect$$rtentry$$0000000C)
    .ARM.Collect$$rtentry$$0000000D          0x000002ba   Section        8  __rtentry2.o(.ARM.Collect$$rtentry$$0000000D)
    .ARM.Collect$$rtexit$$00000000           0x000002c2   Section        2  rtexit.o(.ARM.Collect$$rtexit$$00000000)
    .ARM.Collect$$rtexit$$00000002           0x000002c4   Section        0  rtexit2.o(.ARM.Collect$$rtexit$$00000002)
    .ARM.Collect$$rtexit$$00000003           0x000002c4   Section        4  rtexit2.o(.ARM.Collect$$rtexit$$00000003)
    .ARM.Collect$$rtexit$$00000004           0x000002c8   Section        6  rtexit2.o(.ARM.Collect$$rtexit$$00000004)
    $v0                                      0x000002d0   Number         0  startup.o(.text)
    .text                                    0x000002d0   Section       48  startup.o(.text)
    $v0                                      0x00000300   Number         0  utils.o(.text)
    .text                                    0x00000300   Section      460  utils.o(.text)
    .text                                    0x000004cc   Section        0  heapauxi.o(.text)
    .text                                    0x000004d2   Section       74  sys_stackheap_outer.o(.text)
    .text                                    0x0000051c   Section        0  exit.o(.text)
    .text                                    0x00000530   Section        8  libspace.o(.text)
    .text                                    0x00000538   Section        0  sys_exit.o(.text)
    .text                                    0x00000544   Section        2  use_no_semi.o(.text)
    .text                                    0x00000546   Section        0  indicate_semi.o(.text)
    [Anonymous Symbol]                       0x00000548   Section        0  main.o(.text.Bobina)
    [Anonymous Symbol]                       0x00000640   Section        0  gpio.o(.text.Converte_Tecla)
    [Anonymous Symbol]                       0x00000788   Section        0  gpio.o(.text.Enviar_Comando_LCD)
    [Anonymous Symbol]                       0x000007c4   Section        0  gpio.o(.text.Escreve_no_LCD)
    [Anonymous Symbol]                       0x00000814   Section        0  main.o(.text.GPIOPortJ_Handler)
    [Anonymous Symbol]                       0x00000830   Section        0  gpio.o(.text.GPIO_Init)
    [Anonymous Symbol]                       0x00000a24   Section        0  main.o(.text.ImprimeDados)
    [Anonymous Symbol]                       0x00000a9c   Section        0  gpio.o(.text.LCD_init)
    [Anonymous Symbol]                       0x00000b28   Section        0  gpio.o(.text.Leitura_Teclado)
    [Anonymous Symbol]                       0x00000bbc   Section        0  main.o(.text.Liga_led)
    [Anonymous Symbol]                       0x00000c28   Section        0  gpio.o(.text.PortA_Output)
    [Anonymous Symbol]                       0x00000c3c   Section        0  gpio.o(.text.PortH_Output)
    [Anonymous Symbol]                       0x00000c50   Section        0  gpio.o(.text.PortN_Output)
    [Anonymous Symbol]                       0x00000c64   Section        0  gpio.o(.text.PortP_Output)
    [Anonymous Symbol]                       0x00000c78   Section        0  gpio.o(.text.PortQ_Output)
    [Anonymous Symbol]                       0x00000c8c   Section        0  main.o(.text.Rotaciona)
    [Anonymous Symbol]                       0x00000d10   Section        0  main.o(.text.Timer2A_Handler)
    [Anonymous Symbol]                       0x00000d54   Section        0  main.o(.text.main)
    $v0                                      0x00000f06   Number         0  fpinit.o(x$fpl$fpinit)
    x$fpl$fpinit                             0x00000f06   Section       26  fpinit.o(x$fpl$fpinit)
    .bss                                     0x200000f0   Section       96  libspace.o(.bss)
    HeapMem                                  0x20000170   Data           0  startup.o(HEAP)
    StackMem                                 0x20000170   Data           0  startup.o(STACK)
    HEAP                                     0x20000170   Section        0  startup.o(HEAP)
    STACK                                    0x20000170   Section     1024  startup.o(STACK)

    Global Symbols

    Symbol Name                              Value     Ov Type        Size  Object(Section)

    BuildAttributes$$THM_ISAv4$E$P$D$K$B$S$7EM$VFPi3$EXTD16$VFPS$VFMA$PE$A:L22UL41UL21$X:L11$S22US41US21$IEEE1$IW$~IW$USESV6$~STKCKD$USESV7$~SHL$OTIME$ROPI$EBA8$UX$STANDARDLIB$REQ8$PRES8$EABIv2 0x00000000   Number         0  anon$$obj.o ABSOLUTE
    __Vectors                                0x00000000   Data           0  startup.o(RESET)
    __ARM_exceptions_init                     - Undefined Weak Reference
    __alloca_initialize                       - Undefined Weak Reference
    __arm_preinit_                            - Undefined Weak Reference
    __arm_relocate_pie_                       - Undefined Weak Reference
    __cpp_initialize__aeabi_                  - Undefined Weak Reference
    __cxa_finalize                            - Undefined Weak Reference
    __rt_locale                               - Undefined Weak Reference
    __sigvec_lookup                           - Undefined Weak Reference
    _atexit_init                              - Undefined Weak Reference
    _call_atexit_fns                          - Undefined Weak Reference
    _clock_init                               - Undefined Weak Reference
    _fp_trap_init                             - Undefined Weak Reference
    _fp_trap_shutdown                         - Undefined Weak Reference
    _get_lc_collate                           - Undefined Weak Reference
    _get_lc_ctype                             - Undefined Weak Reference
    _get_lc_monetary                          - Undefined Weak Reference
    _get_lc_numeric                           - Undefined Weak Reference
    _get_lc_time                              - Undefined Weak Reference
    _getenv_init                              - Undefined Weak Reference
    _handle_redirection                       - Undefined Weak Reference
    _init_alloc                               - Undefined Weak Reference
    _init_user_alloc                          - Undefined Weak Reference
    _initio                                   - Undefined Weak Reference
    _rand_init                                - Undefined Weak Reference
    _signal_finish                            - Undefined Weak Reference
    _signal_init                              - Undefined Weak Reference
    _terminate_alloc                          - Undefined Weak Reference
    _terminate_user_alloc                     - Undefined Weak Reference
    _terminateio                              - Undefined Weak Reference
    Reset_Handler                            0x00000209   Thumb Code     0  startup.o(RESET)
    NMI_Handler                              0x0000021d   Thumb Code     2  startup.o(RESET)
    HardFault_Handler                        0x0000021f   Thumb Code     2  startup.o(RESET)
    MemManage_Handler                        0x00000221   Thumb Code     2  startup.o(RESET)
    BusFault_Handler                         0x00000223   Thumb Code     2  startup.o(RESET)
    UsageFault_Handler                       0x00000225   Thumb Code     2  startup.o(RESET)
    SVC_Handler                              0x00000227   Thumb Code     2  startup.o(RESET)
    DebugMon_Handler                         0x00000229   Thumb Code     2  startup.o(RESET)
    PendSV_Handler                           0x0000022b   Thumb Code     2  startup.o(RESET)
    SysTick_Handler                          0x0000022d   Thumb Code     2  startup.o(RESET)
    ADC0Seq0_Handler                         0x0000022f   Thumb Code     0  startup.o(RESET)
    ADC0Seq1_Handler                         0x0000022f   Thumb Code     0  startup.o(RESET)
    ADC0Seq2_Handler                         0x0000022f   Thumb Code     0  startup.o(RESET)
    ADC0Seq3_Handler                         0x0000022f   Thumb Code     0  startup.o(RESET)
    ADC1Seq0_Handler                         0x0000022f   Thumb Code     0  startup.o(RESET)
    ADC1Seq1_Handler                         0x0000022f   Thumb Code     0  startup.o(RESET)
    ADC1Seq2_Handler                         0x0000022f   Thumb Code     0  startup.o(RESET)
    ADC1Seq3_Handler                         0x0000022f   Thumb Code     0  startup.o(RESET)
    CAN0_Handler                             0x0000022f   Thumb Code     0  startup.o(RESET)
    CAN1_Handler                             0x0000022f   Thumb Code     0  startup.o(RESET)
    Comp0_Handler                            0x0000022f   Thumb Code     0  startup.o(RESET)
    Comp1_Handler                            0x0000022f   Thumb Code     0  startup.o(RESET)
    Comp2_Handler                            0x0000022f   Thumb Code     0  startup.o(RESET)
    Ethernet_Handler                         0x0000022f   Thumb Code     0  startup.o(RESET)
    ExtBus_Handler                           0x0000022f   Thumb Code     0  startup.o(RESET)
    FPU_Handler                              0x0000022f   Thumb Code     0  startup.o(RESET)
    FlashCtl_Handler                         0x0000022f   Thumb Code     0  startup.o(RESET)
    GPIOPortA_Handler                        0x0000022f   Thumb Code     0  startup.o(RESET)
    GPIOPortB_Handler                        0x0000022f   Thumb Code     0  startup.o(RESET)
    GPIOPortC_Handler                        0x0000022f   Thumb Code     0  startup.o(RESET)
    GPIOPortD_Handler                        0x0000022f   Thumb Code     0  startup.o(RESET)
    GPIOPortE_Handler                        0x0000022f   Thumb Code     0  startup.o(RESET)
    GPIOPortF_Handler                        0x0000022f   Thumb Code     0  startup.o(RESET)
    GPIOPortG_Handler                        0x0000022f   Thumb Code     0  startup.o(RESET)
    GPIOPortH_Handler                        0x0000022f   Thumb Code     0  startup.o(RESET)
    GPIOPortK_Handler                        0x0000022f   Thumb Code     0  startup.o(RESET)
    GPIOPortL_Handler                        0x0000022f   Thumb Code     0  startup.o(RESET)
    GPIOPortM_Handler                        0x0000022f   Thumb Code     0  startup.o(RESET)
    GPIOPortN_Handler                        0x0000022f   Thumb Code     0  startup.o(RESET)
    GPIOPortP1_Handler                       0x0000022f   Thumb Code     0  startup.o(RESET)
    GPIOPortP2_Handler                       0x0000022f   Thumb Code     0  startup.o(RESET)
    GPIOPortP3_Handler                       0x0000022f   Thumb Code     0  startup.o(RESET)
    GPIOPortP4_Handler                       0x0000022f   Thumb Code     0  startup.o(RESET)
    GPIOPortP5_Handler                       0x0000022f   Thumb Code     0  startup.o(RESET)
    GPIOPortP6_Handler                       0x0000022f   Thumb Code     0  startup.o(RESET)
    GPIOPortP7_Handler                       0x0000022f   Thumb Code     0  startup.o(RESET)
    GPIOPortP_Handler                        0x0000022f   Thumb Code     0  startup.o(RESET)
    GPIOPortQ1_Handler                       0x0000022f   Thumb Code     0  startup.o(RESET)
    GPIOPortQ2_Handler                       0x0000022f   Thumb Code     0  startup.o(RESET)
    GPIOPortQ3_Handler                       0x0000022f   Thumb Code     0  startup.o(RESET)
    GPIOPortQ4_Handler                       0x0000022f   Thumb Code     0  startup.o(RESET)
    GPIOPortQ5_Handler                       0x0000022f   Thumb Code     0  startup.o(RESET)
    GPIOPortQ6_Handler                       0x0000022f   Thumb Code     0  startup.o(RESET)
    GPIOPortQ7_Handler                       0x0000022f   Thumb Code     0  startup.o(RESET)
    GPIOPortQ_Handler                        0x0000022f   Thumb Code     0  startup.o(RESET)
    Hibernate_Handler                        0x0000022f   Thumb Code     0  startup.o(RESET)
    I2C0_Handler                             0x0000022f   Thumb Code     0  startup.o(RESET)
    I2C1_Handler                             0x0000022f   Thumb Code     0  startup.o(RESET)
    I2C2_Handler                             0x0000022f   Thumb Code     0  startup.o(RESET)
    I2C3_Handler                             0x0000022f   Thumb Code     0  startup.o(RESET)
    I2C4_Handler                             0x0000022f   Thumb Code     0  startup.o(RESET)
    I2C5_Handler                             0x0000022f   Thumb Code     0  startup.o(RESET)
    I2C6_Handler                             0x0000022f   Thumb Code     0  startup.o(RESET)
    I2C7_Handler                             0x0000022f   Thumb Code     0  startup.o(RESET)
    I2C8_Handler                             0x0000022f   Thumb Code     0  startup.o(RESET)
    I2C9_Handler                             0x0000022f   Thumb Code     0  startup.o(RESET)
    PWM0Fault_Handler                        0x0000022f   Thumb Code     0  startup.o(RESET)
    PWM0Generator0_Handler                   0x0000022f   Thumb Code     0  startup.o(RESET)
    PWM0Generator1_Handler                   0x0000022f   Thumb Code     0  startup.o(RESET)
    PWM0Generator2_Handler                   0x0000022f   Thumb Code     0  startup.o(RESET)
    PWM0Generator3_Handler                   0x0000022f   Thumb Code     0  startup.o(RESET)
    Quadrature0_Handler                      0x0000022f   Thumb Code     0  startup.o(RESET)
    SSI0_Handler                             0x0000022f   Thumb Code     0  startup.o(RESET)
    SSI1_Handler                             0x0000022f   Thumb Code     0  startup.o(RESET)
    SSI2_Handler                             0x0000022f   Thumb Code     0  startup.o(RESET)
    SSI3_Handler                             0x0000022f   Thumb Code     0  startup.o(RESET)
    SysCtl_Handler                           0x0000022f   Thumb Code     0  startup.o(RESET)
    Tamper_Handler                           0x0000022f   Thumb Code     0  startup.o(RESET)
    Timer0A_Handler                          0x0000022f   Thumb Code     0  startup.o(RESET)
    Timer0B_Handler                          0x0000022f   Thumb Code     0  startup.o(RESET)
    Timer1A_Handler                          0x0000022f   Thumb Code     0  startup.o(RESET)
    Timer1B_Handler                          0x0000022f   Thumb Code     0  startup.o(RESET)
    Timer2B_Handler                          0x0000022f   Thumb Code     0  startup.o(RESET)
    Timer3A_Handler                          0x0000022f   Thumb Code     0  startup.o(RESET)
    Timer3B_Handler                          0x0000022f   Thumb Code     0  startup.o(RESET)
    Timer4A_Handler                          0x0000022f   Thumb Code     0  startup.o(RESET)
    Timer4B_Handler                          0x0000022f   Thumb Code     0  startup.o(RESET)
    Timer5A_Handler                          0x0000022f   Thumb Code     0  startup.o(RESET)
    Timer5B_Handler                          0x0000022f   Thumb Code     0  startup.o(RESET)
    Timer6A_Handler                          0x0000022f   Thumb Code     0  startup.o(RESET)
    Timer6B_Handler                          0x0000022f   Thumb Code     0  startup.o(RESET)
    Timer7A_Handler                          0x0000022f   Thumb Code     0  startup.o(RESET)
    Timer7B_Handler                          0x0000022f   Thumb Code     0  startup.o(RESET)
    UART0_Handler                            0x0000022f   Thumb Code     0  startup.o(RESET)
    UART1_Handler                            0x0000022f   Thumb Code     0  startup.o(RESET)
    UART2_Handler                            0x0000022f   Thumb Code     0  startup.o(RESET)
    UART3_Handler                            0x0000022f   Thumb Code     0  startup.o(RESET)
    UART4_Handler                            0x0000022f   Thumb Code     0  startup.o(RESET)
    UART5_Handler                            0x0000022f   Thumb Code     0  startup.o(RESET)
    UART6_Handler                            0x0000022f   Thumb Code     0  startup.o(RESET)
    UART7_Handler                            0x0000022f   Thumb Code     0  startup.o(RESET)
    USB0_Handler                             0x0000022f   Thumb Code     0  startup.o(RESET)
    WDT_Handler                              0x0000022f   Thumb Code     0  startup.o(RESET)
    uDMA_Error                               0x0000022f   Thumb Code     0  startup.o(RESET)
    uDMA_Handler                             0x0000022f   Thumb Code     0  startup.o(RESET)
    __main                                   0x00000231   Thumb Code     8  __main.o(!!!main)
    __scatterload                            0x00000239   Thumb Code     0  __scatter.o(!!!scatter)
    __scatterload_rt2                        0x00000239   Thumb Code    44  __scatter.o(!!!scatter)
    __scatterload_rt2_thumb_only             0x00000239   Thumb Code     0  __scatter.o(!!!scatter)
    __scatterload_null                       0x00000247   Thumb Code     0  __scatter.o(!!!scatter)
    __scatterload_copy                       0x0000026d   Thumb Code    26  __scatter_copy.o(!!handler_copy)
    __scatterload_zeroinit                   0x00000289   Thumb Code    28  __scatter_zi.o(!!handler_zi)
    __rt_lib_init                            0x000002a5   Thumb Code     0  libinit.o(.ARM.Collect$$libinit$$00000000)
    __rt_lib_init_fp_1                       0x000002a7   Thumb Code     0  libinit2.o(.ARM.Collect$$libinit$$00000001)
    __rt_lib_init_alloca_1                   0x000002ab   Thumb Code     0  libinit2.o(.ARM.Collect$$libinit$$00000030)
    __rt_lib_init_argv_1                     0x000002ab   Thumb Code     0  libinit2.o(.ARM.Collect$$libinit$$0000002E)
    __rt_lib_init_atexit_1                   0x000002ab   Thumb Code     0  libinit2.o(.ARM.Collect$$libinit$$0000001D)
    __rt_lib_init_clock_1                    0x000002ab   Thumb Code     0  libinit2.o(.ARM.Collect$$libinit$$00000023)
    __rt_lib_init_cpp_1                      0x000002ab   Thumb Code     0  libinit2.o(.ARM.Collect$$libinit$$00000034)
    __rt_lib_init_exceptions_1               0x000002ab   Thumb Code     0  libinit2.o(.ARM.Collect$$libinit$$00000032)
    __rt_lib_init_fp_trap_1                  0x000002ab   Thumb Code     0  libinit2.o(.ARM.Collect$$libinit$$00000021)
    __rt_lib_init_getenv_1                   0x000002ab   Thumb Code     0  libinit2.o(.ARM.Collect$$libinit$$00000025)
    __rt_lib_init_heap_1                     0x000002ab   Thumb Code     0  libinit2.o(.ARM.Collect$$libinit$$0000000C)
    __rt_lib_init_lc_collate_1               0x000002ab   Thumb Code     0  libinit2.o(.ARM.Collect$$libinit$$00000013)
    __rt_lib_init_lc_ctype_1                 0x000002ab   Thumb Code     0  libinit2.o(.ARM.Collect$$libinit$$00000015)
    __rt_lib_init_lc_monetary_1              0x000002ab   Thumb Code     0  libinit2.o(.ARM.Collect$$libinit$$00000017)
    __rt_lib_init_lc_numeric_1               0x000002ab   Thumb Code     0  libinit2.o(.ARM.Collect$$libinit$$00000019)
    __rt_lib_init_lc_time_1                  0x000002ab   Thumb Code     0  libinit2.o(.ARM.Collect$$libinit$$0000001B)
    __rt_lib_init_preinit_1                  0x000002ab   Thumb Code     0  libinit2.o(.ARM.Collect$$libinit$$00000006)
    __rt_lib_init_rand_1                     0x000002ab   Thumb Code     0  libinit2.o(.ARM.Collect$$libinit$$00000010)
    __rt_lib_init_relocate_pie_1             0x000002ab   Thumb Code     0  libinit2.o(.ARM.Collect$$libinit$$00000004)
    __rt_lib_init_return                     0x000002ab   Thumb Code     0  libinit2.o(.ARM.Collect$$libinit$$00000035)
    __rt_lib_init_signal_1                   0x000002ab   Thumb Code     0  libinit2.o(.ARM.Collect$$libinit$$0000001F)
    __rt_lib_init_stdio_1                    0x000002ab   Thumb Code     0  libinit2.o(.ARM.Collect$$libinit$$00000027)
    __rt_lib_init_user_alloc_1               0x000002ab   Thumb Code     0  libinit2.o(.ARM.Collect$$libinit$$0000000E)
    __rt_lib_shutdown                        0x000002ad   Thumb Code     0  libshutdown.o(.ARM.Collect$$libshutdown$$00000000)
    __rt_lib_shutdown_cpp_1                  0x000002af   Thumb Code     0  libshutdown2.o(.ARM.Collect$$libshutdown$$00000002)
    __rt_lib_shutdown_fp_trap_1              0x000002af   Thumb Code     0  libshutdown2.o(.ARM.Collect$$libshutdown$$00000007)
    __rt_lib_shutdown_heap_1                 0x000002af   Thumb Code     0  libshutdown2.o(.ARM.Collect$$libshutdown$$0000000F)
    __rt_lib_shutdown_return                 0x000002af   Thumb Code     0  libshutdown2.o(.ARM.Collect$$libshutdown$$00000010)
    __rt_lib_shutdown_signal_1               0x000002af   Thumb Code     0  libshutdown2.o(.ARM.Collect$$libshutdown$$0000000A)
    __rt_lib_shutdown_stdio_1                0x000002af   Thumb Code     0  libshutdown2.o(.ARM.Collect$$libshutdown$$00000004)
    __rt_lib_shutdown_user_alloc_1           0x000002af   Thumb Code     0  libshutdown2.o(.ARM.Collect$$libshutdown$$0000000C)
    __rt_entry                               0x000002b1   Thumb Code     0  __rtentry.o(.ARM.Collect$$rtentry$$00000000)
    __rt_entry_presh_1                       0x000002b1   Thumb Code     0  __rtentry2.o(.ARM.Collect$$rtentry$$00000002)
    __rt_entry_sh                            0x000002b1   Thumb Code     0  __rtentry4.o(.ARM.Collect$$rtentry$$00000004)
    __rt_entry_li                            0x000002b7   Thumb Code     0  __rtentry2.o(.ARM.Collect$$rtentry$$0000000A)
    __rt_entry_postsh_1                      0x000002b7   Thumb Code     0  __rtentry2.o(.ARM.Collect$$rtentry$$00000009)
    __rt_entry_main                          0x000002bb   Thumb Code     0  __rtentry2.o(.ARM.Collect$$rtentry$$0000000D)
    __rt_entry_postli_1                      0x000002bb   Thumb Code     0  __rtentry2.o(.ARM.Collect$$rtentry$$0000000C)
    __rt_exit                                0x000002c3   Thumb Code     0  rtexit.o(.ARM.Collect$$rtexit$$00000000)
    __rt_exit_ls                             0x000002c5   Thumb Code     0  rtexit2.o(.ARM.Collect$$rtexit$$00000003)
    __rt_exit_prels_1                        0x000002c5   Thumb Code     0  rtexit2.o(.ARM.Collect$$rtexit$$00000002)
    __rt_exit_exit                           0x000002c9   Thumb Code     0  rtexit2.o(.ARM.Collect$$rtexit$$00000004)
    DisableInterrupts                        0x000002d1   Thumb Code     0  startup.o(.text)
    EnableInterrupts                         0x000002d5   Thumb Code     0  startup.o(.text)
    StartCritical                            0x000002d9   Thumb Code     0  startup.o(.text)
    EndCritical                              0x000002e1   Thumb Code     0  startup.o(.text)
    WaitForInterrupt                         0x000002e7   Thumb Code     0  startup.o(.text)
    __user_initial_stackheap                 0x000002eb   Thumb Code     0  startup.o(.text)
    PLL_Init                                 0x00000301   Thumb Code     0  utils.o(.text)
    SysTick_Init                             0x00000429   Thumb Code     0  utils.o(.text)
    SysTick_Wait1ms                          0x0000045f   Thumb Code     0  utils.o(.text)
    __use_two_region_memory                  0x000004cd   Thumb Code     2  heapauxi.o(.text)
    __rt_heap_escrow$2region                 0x000004cf   Thumb Code     2  heapauxi.o(.text)
    __rt_heap_expand$2region                 0x000004d1   Thumb Code     2  heapauxi.o(.text)
    __user_setup_stackheap                   0x000004d3   Thumb Code    74  sys_stackheap_outer.o(.text)
    exit                                     0x0000051d   Thumb Code    18  exit.o(.text)
    __user_libspace                          0x00000531   Thumb Code     8  libspace.o(.text)
    __user_perproc_libspace                  0x00000531   Thumb Code     0  libspace.o(.text)
    __user_perthread_libspace                0x00000531   Thumb Code     0  libspace.o(.text)
    _sys_exit                                0x00000539   Thumb Code     8  sys_exit.o(.text)
    __I$use$semihosting                      0x00000545   Thumb Code     0  use_no_semi.o(.text)
    __use_no_semihosting_swi                 0x00000545   Thumb Code     2  use_no_semi.o(.text)
    __semihosting_library_function           0x00000547   Thumb Code     0  indicate_semi.o(.text)
    Bobina                                   0x00000549   Thumb Code   248  main.o(.text.Bobina)
    Converte_Tecla                           0x00000641   Thumb Code   326  gpio.o(.text.Converte_Tecla)
    Enviar_Comando_LCD                       0x00000789   Thumb Code    58  gpio.o(.text.Enviar_Comando_LCD)
    Escreve_no_LCD                           0x000007c5   Thumb Code    80  gpio.o(.text.Escreve_no_LCD)
    GPIOPortJ_Handler                        0x00000815   Thumb Code    26  main.o(.text.GPIOPortJ_Handler)
    GPIO_Init                                0x00000831   Thumb Code   498  gpio.o(.text.GPIO_Init)
    ImprimeDados                             0x00000a25   Thumb Code   120  main.o(.text.ImprimeDados)
    LCD_init                                 0x00000a9d   Thumb Code   140  gpio.o(.text.LCD_init)
    Leitura_Teclado                          0x00000b29   Thumb Code   148  gpio.o(.text.Leitura_Teclado)
    Liga_led                                 0x00000bbd   Thumb Code    44  main.o(.text.Liga_led)
    PortA_Output                             0x00000c29   Thumb Code    20  gpio.o(.text.PortA_Output)
    PortH_Output                             0x00000c3d   Thumb Code    20  gpio.o(.text.PortH_Output)
    PortN_Output                             0x00000c51   Thumb Code    20  gpio.o(.text.PortN_Output)
    PortP_Output                             0x00000c65   Thumb Code    20  gpio.o(.text.PortP_Output)
    PortQ_Output                             0x00000c79   Thumb Code    20  gpio.o(.text.PortQ_Output)
    Rotaciona                                0x00000c8d   Thumb Code   130  main.o(.text.Rotaciona)
    Timer2A_Handler                          0x00000d11   Thumb Code    68  main.o(.text.Timer2A_Handler)
    main                                     0x00000d55   Thumb Code   434  main.o(.text.main)
    _fp_init                                 0x00000f07   Thumb Code    26  fpinit.o(x$fpl$fpinit)
    __fplib_config_fpu_vfp                   0x00000f1f   Thumb Code     0  fpinit.o(x$fpl$fpinit)
    __fplib_config_pureend_doubles           0x00000f1f   Thumb Code     0  fpinit.o(x$fpl$fpinit)
    Region$$Table$$Base                      0x00000f20   Number         0  anon$$obj.o(Region$$Table)
    Region$$Table$$Limit                     0x00000f40   Number         0  anon$$obj.o(Region$$Table)
    antihorario                              0x20000000   Data          16  main.o(.data.antihorario)
    coluna                                   0x20000010   Data           4  gpio.o(.data.coluna)
    fim                                      0x20000014   Data          16  main.o(.data.fim)
    horario                                  0x20000024   Data          16  main.o(.data.horario)
    imprimeanti                              0x20000034   Data          16  main.o(.data.imprimeanti)
    imprimecomp                              0x20000044   Data          16  main.o(.data.imprimecomp)
    imprimehora                              0x20000054   Data          16  main.o(.data.imprimehora)
    imprimemeio                              0x20000064   Data          16  main.o(.data.imprimemeio)
    led_timer                                0x20000074   Data           4  main.o(.data.led_timer)
    meio_passo                               0x20000078   Data          32  main.o(.data.meio_passo)
    passo_completo                           0x20000098   Data          16  main.o(.data.passo_completo)
    sentido                                  0x200000a8   Data           4  main.o(.data.sentido)
    velocidade1                              0x200000ac   Data          16  main.o(.data.velocidade1)
    velocidade2                              0x200000bc   Data          16  main.o(.data.velocidade2)
    voltas1                                  0x200000cc   Data          16  main.o(.data.voltas1)
    voltas2                                  0x200000dc   Data          16  main.o(.data.voltas2)
    __libspace_start                         0x200000f0   Data          96  libspace.o(.bss)
    __temporary_stack_top$libspace           0x20000150   Data           0  libspace.o(.bss)
    cont_passos                              0x20000150   Data           4  main.o(.bss.cont_passos)
    estado_atual                             0x20000154   Data           1  main.o(.bss.estado_atual)
    led_aceso                                0x20000156   Data           2  main.o(.bss.led_aceso)
    linha                                    0x20000158   Data           4  gpio.o(.bss.linha)
    passo                                    0x2000015c   Data           4  main.o(.bss.passo)
    tecla                                    0x20000160   Data           4  main.o(.bss.tecla)
    tecla_pressionada                        0x20000164   Data           4  gpio.o(.bss.tecla_pressionada)
    velocidade                               0x20000168   Data           4  main.o(.bss.velocidade)
    voltas                                   0x2000016c   Data           4  main.o(.bss.voltas)



==============================================================================

Memory Map of the image

  Image Entry point : 0x00000209

  Load Region LR_1 (Base: 0x00000000, Size: 0x0000102c, Max: 0xffffffff, ABSOLUTE)

    Execution Region ER_RO (Exec base: 0x00000000, Load base: 0x00000000, Size: 0x00000f40, Max: 0xffffffff, ABSOLUTE)

    Exec Addr    Load Addr    Size         Type   Attr      Idx    E Section Name        Object

    0x00000000   0x00000000   0x00000230   Code   RO            3  * RESET               startup.o
    0x00000230   0x00000230   0x00000008   Code   RO          113  * !!!main             c_w.l(__main.o)
    0x00000238   0x00000238   0x00000034   Code   RO          278    !!!scatter          c_w.l(__scatter.o)
    0x0000026c   0x0000026c   0x0000001a   Code   RO          280    !!handler_copy      c_w.l(__scatter_copy.o)
    0x00000286   0x00000286   0x00000002   PAD
    0x00000288   0x00000288   0x0000001c   Code   RO          282    !!handler_zi        c_w.l(__scatter_zi.o)
    0x000002a4   0x000002a4   0x00000002   Code   RO          140    .ARM.Collect$$libinit$$00000000  c_w.l(libinit.o)
    0x000002a6   0x000002a6   0x00000004   Code   RO          146    .ARM.Collect$$libinit$$00000001  c_w.l(libinit2.o)
    0x000002aa   0x000002aa   0x00000000   Code   RO          149    .ARM.Collect$$libinit$$00000004  c_w.l(libinit2.o)
    0x000002aa   0x000002aa   0x00000000   Code   RO          151    .ARM.Collect$$libinit$$00000006  c_w.l(libinit2.o)
    0x000002aa   0x000002aa   0x00000000   Code   RO          154    .ARM.Collect$$libinit$$0000000C  c_w.l(libinit2.o)
    0x000002aa   0x000002aa   0x00000000   Code   RO          156    .ARM.Collect$$libinit$$0000000E  c_w.l(libinit2.o)
    0x000002aa   0x000002aa   0x00000000   Code   RO          158    .ARM.Collect$$libinit$$00000010  c_w.l(libinit2.o)
    0x000002aa   0x000002aa   0x00000000   Code   RO          161    .ARM.Collect$$libinit$$00000013  c_w.l(libinit2.o)
    0x000002aa   0x000002aa   0x00000000   Code   RO          163    .ARM.Collect$$libinit$$00000015  c_w.l(libinit2.o)
    0x000002aa   0x000002aa   0x00000000   Code   RO          165    .ARM.Collect$$libinit$$00000017  c_w.l(libinit2.o)
    0x000002aa   0x000002aa   0x00000000   Code   RO          167    .ARM.Collect$$libinit$$00000019  c_w.l(libinit2.o)
    0x000002aa   0x000002aa   0x00000000   Code   RO          169    .ARM.Collect$$libinit$$0000001B  c_w.l(libinit2.o)
    0x000002aa   0x000002aa   0x00000000   Code   RO          171    .ARM.Collect$$libinit$$0000001D  c_w.l(libinit2.o)
    0x000002aa   0x000002aa   0x00000000   Code   RO          173    .ARM.Collect$$libinit$$0000001F  c_w.l(libinit2.o)
    0x000002aa   0x000002aa   0x00000000   Code   RO          175    .ARM.Collect$$libinit$$00000021  c_w.l(libinit2.o)
    0x000002aa   0x000002aa   0x00000000   Code   RO          177    .ARM.Collect$$libinit$$00000023  c_w.l(libinit2.o)
    0x000002aa   0x000002aa   0x00000000   Code   RO          179    .ARM.Collect$$libinit$$00000025  c_w.l(libinit2.o)
    0x000002aa   0x000002aa   0x00000000   Code   RO          181    .ARM.Collect$$libinit$$00000027  c_w.l(libinit2.o)
    0x000002aa   0x000002aa   0x00000000   Code   RO          185    .ARM.Collect$$libinit$$0000002E  c_w.l(libinit2.o)
    0x000002aa   0x000002aa   0x00000000   Code   RO          187    .ARM.Collect$$libinit$$00000030  c_w.l(libinit2.o)
    0x000002aa   0x000002aa   0x00000000   Code   RO          189    .ARM.Collect$$libinit$$00000032  c_w.l(libinit2.o)
    0x000002aa   0x000002aa   0x00000000   Code   RO          191    .ARM.Collect$$libinit$$00000034  c_w.l(libinit2.o)
    0x000002aa   0x000002aa   0x00000002   Code   RO          192    .ARM.Collect$$libinit$$00000035  c_w.l(libinit2.o)
    0x000002ac   0x000002ac   0x00000002   Code   RO          214    .ARM.Collect$$libshutdown$$00000000  c_w.l(libshutdown.o)
    0x000002ae   0x000002ae   0x00000000   Code   RO          229    .ARM.Collect$$libshutdown$$00000002  c_w.l(libshutdown2.o)
    0x000002ae   0x000002ae   0x00000000   Code   RO          231    .ARM.Collect$$libshutdown$$00000004  c_w.l(libshutdown2.o)
    0x000002ae   0x000002ae   0x00000000   Code   RO          234    .ARM.Collect$$libshutdown$$00000007  c_w.l(libshutdown2.o)
    0x000002ae   0x000002ae   0x00000000   Code   RO          237    .ARM.Collect$$libshutdown$$0000000A  c_w.l(libshutdown2.o)
    0x000002ae   0x000002ae   0x00000000   Code   RO          239    .ARM.Collect$$libshutdown$$0000000C  c_w.l(libshutdown2.o)
    0x000002ae   0x000002ae   0x00000000   Code   RO          242    .ARM.Collect$$libshutdown$$0000000F  c_w.l(libshutdown2.o)
    0x000002ae   0x000002ae   0x00000002   Code   RO          243    .ARM.Collect$$libshutdown$$00000010  c_w.l(libshutdown2.o)
    0x000002b0   0x000002b0   0x00000000   Code   RO          115    .ARM.Collect$$rtentry$$00000000  c_w.l(__rtentry.o)
    0x000002b0   0x000002b0   0x00000000   Code   RO          117    .ARM.Collect$$rtentry$$00000002  c_w.l(__rtentry2.o)
    0x000002b0   0x000002b0   0x00000006   Code   RO          129    .ARM.Collect$$rtentry$$00000004  c_w.l(__rtentry4.o)
    0x000002b6   0x000002b6   0x00000000   Code   RO          119    .ARM.Collect$$rtentry$$00000009  c_w.l(__rtentry2.o)
    0x000002b6   0x000002b6   0x00000004   Code   RO          120    .ARM.Collect$$rtentry$$0000000A  c_w.l(__rtentry2.o)
    0x000002ba   0x000002ba   0x00000000   Code   RO          122    .ARM.Collect$$rtentry$$0000000C  c_w.l(__rtentry2.o)
    0x000002ba   0x000002ba   0x00000008   Code   RO          123    .ARM.Collect$$rtentry$$0000000D  c_w.l(__rtentry2.o)
    0x000002c2   0x000002c2   0x00000002   Code   RO          144    .ARM.Collect$$rtexit$$00000000  c_w.l(rtexit.o)
    0x000002c4   0x000002c4   0x00000000   Code   RO          194    .ARM.Collect$$rtexit$$00000002  c_w.l(rtexit2.o)
    0x000002c4   0x000002c4   0x00000004   Code   RO          195    .ARM.Collect$$rtexit$$00000003  c_w.l(rtexit2.o)
    0x000002c8   0x000002c8   0x00000006   Code   RO          196    .ARM.Collect$$rtexit$$00000004  c_w.l(rtexit2.o)
    0x000002ce   0x000002ce   0x00000002   PAD
    0x000002d0   0x000002d0   0x00000030   Code   RO            4    .text               startup.o
    0x00000300   0x00000300   0x000001cc   Code   RO           12    .text               utils.o
    0x000004cc   0x000004cc   0x00000006   Code   RO          111    .text               c_w.l(heapauxi.o)
    0x000004d2   0x000004d2   0x0000004a   Code   RO          131    .text               c_w.l(sys_stackheap_outer.o)
    0x0000051c   0x0000051c   0x00000012   Code   RO          133    .text               c_w.l(exit.o)
    0x0000052e   0x0000052e   0x00000002   PAD
    0x00000530   0x00000530   0x00000008   Code   RO          141    .text               c_w.l(libspace.o)
    0x00000538   0x00000538   0x0000000c   Code   RO          204    .text               c_w.l(sys_exit.o)
    0x00000544   0x00000544   0x00000002   Code   RO          219    .text               c_w.l(use_no_semi.o)
    0x00000546   0x00000546   0x00000000   Code   RO          221    .text               c_w.l(indicate_semi.o)
    0x00000546   0x00000546   0x00000002   PAD
    0x00000548   0x00000548   0x000000f8   Code   RO           38    .text.Bobina        main.o
    0x00000640   0x00000640   0x00000146   Code   RO           97    .text.Converte_Tecla  gpio.o
    0x00000786   0x00000786   0x00000002   PAD
    0x00000788   0x00000788   0x0000003a   Code   RO           87    .text.Enviar_Comando_LCD  gpio.o
    0x000007c2   0x000007c2   0x00000002   PAD
    0x000007c4   0x000007c4   0x00000050   Code   RO           89    .text.Escreve_no_LCD  gpio.o
    0x00000814   0x00000814   0x0000001a   Code   RO           24    .text.GPIOPortJ_Handler  main.o
    0x0000082e   0x0000082e   0x00000002   PAD
    0x00000830   0x00000830   0x000001f2   Code   RO           71    .text.GPIO_Init     gpio.o
    0x00000a22   0x00000a22   0x00000002   PAD
    0x00000a24   0x00000a24   0x00000078   Code   RO           36    .text.ImprimeDados  main.o
    0x00000a9c   0x00000a9c   0x0000008c   Code   RO           85    .text.LCD_init      gpio.o
    0x00000b28   0x00000b28   0x00000094   Code   RO           95    .text.Leitura_Teclado  gpio.o
    0x00000bbc   0x00000bbc   0x0000006c   Code   RO           20    .text.Liga_led      main.o
    0x00000c28   0x00000c28   0x00000014   Code   RO           77    .text.PortA_Output  gpio.o
    0x00000c3c   0x00000c3c   0x00000014   Code   RO           79    .text.PortH_Output  gpio.o
    0x00000c50   0x00000c50   0x00000014   Code   RO           75    .text.PortN_Output  gpio.o
    0x00000c64   0x00000c64   0x00000014   Code   RO           83    .text.PortP_Output  gpio.o
    0x00000c78   0x00000c78   0x00000014   Code   RO           81    .text.PortQ_Output  gpio.o
    0x00000c8c   0x00000c8c   0x00000082   Code   RO           22    .text.Rotaciona     main.o
    0x00000d0e   0x00000d0e   0x00000002   PAD
    0x00000d10   0x00000d10   0x00000044   Code   RO           26    .text.Timer2A_Handler  main.o
    0x00000d54   0x00000d54   0x000001b2   Code   RO           16    .text.main          main.o
    0x00000f06   0x00000f06   0x0000001a   Code   RO          202    x$fpl$fpinit        fz_wm.l(fpinit.o)
    0x00000f20   0x00000f20   0x00000020   Data   RO          277    Region$$Table       anon$$obj.o


    Execution Region ER_RW (Exec base: 0x20000000, Load base: 0x00000f40, Size: 0x000000ec, Max: 0xffffffff, ABSOLUTE)

    Exec Addr    Load Addr    Size         Type   Attr      Idx    E Section Name        Object

    0x20000000   0x00000f40   0x00000010   Data   RW           52    .data.antihorario   main.o
    0x20000010   0x00000f50   0x00000004   Data   RW          100    .data.coluna        gpio.o
    0x20000014   0x00000f54   0x00000010   Data   RW           59    .data.fim           main.o
    0x20000024   0x00000f64   0x00000010   Data   RW           51    .data.horario       main.o
    0x20000034   0x00000f74   0x00000010   Data   RW           55    .data.imprimeanti   main.o
    0x20000044   0x00000f84   0x00000010   Data   RW           58    .data.imprimecomp   main.o
    0x20000054   0x00000f94   0x00000010   Data   RW           57    .data.imprimehora   main.o
    0x20000064   0x00000fa4   0x00000010   Data   RW           56    .data.imprimemeio   main.o
    0x20000074   0x00000fb4   0x00000004   Data   RW           42    .data.led_timer     main.o
    0x20000078   0x00000fb8   0x00000020   Data   RW           45    .data.meio_passo    main.o
    0x20000098   0x00000fd8   0x00000010   Data   RW           44    .data.passo_completo  main.o
    0x200000a8   0x00000fe8   0x00000004   Data   RW           47    .data.sentido       main.o
    0x200000ac   0x00000fec   0x00000010   Data   RW           49    .data.velocidade1   main.o
    0x200000bc   0x00000ffc   0x00000010   Data   RW           50    .data.velocidade2   main.o
    0x200000cc   0x0000100c   0x00000010   Data   RW           53    .data.voltas1       main.o
    0x200000dc   0x0000101c   0x00000010   Data   RW           54    .data.voltas2       main.o


    Execution Region ER_ZI (Exec base: 0x200000f0, Load base: 0x0000102c, Size: 0x00000480, Max: 0xffffffff, ABSOLUTE)

    Exec Addr    Load Addr    Size         Type   Attr      Idx    E Section Name        Object

    0x200000f0        -       0x00000060   Zero   RW          142    .bss                c_w.l(libspace.o)
    0x20000150        -       0x00000004   Zero   RW           46    .bss.cont_passos    main.o
    0x20000154        -       0x00000001   Zero   RW           60    .bss.estado_atual   main.o
    0x20000155   0x0000102c   0x00000001   PAD
    0x20000156        -       0x00000002   Zero   RW           48    .bss.led_aceso      main.o
    0x20000158        -       0x00000004   Zero   RW          101    .bss.linha          gpio.o
    0x2000015c        -       0x00000004   Zero   RW           40    .bss.passo          main.o
    0x20000160        -       0x00000004   Zero   RW           61    .bss.tecla          main.o
    0x20000164        -       0x00000004   Zero   RW           99    .bss.tecla_pressionada  gpio.o
    0x20000168        -       0x00000004   Zero   RW           41    .bss.velocidade     main.o
    0x2000016c        -       0x00000004   Zero   RW           43    .bss.voltas         main.o
    0x20000170        -       0x00000000   Zero   RW            2    HEAP                startup.o
    0x20000170        -       0x00000400   Zero   RW            1    STACK               startup.o


==============================================================================

Image component sizes


      Code (inc. data)   RO Data    RW Data    ZI Data      Debug   Object Name

      1350        240          0          4          8       4536   gpio.o
      1134         70          0        232         23       3892   main.o
       608        532          0          0       1024       1080   startup.o
       460         92          0          0          0        388   utils.o

    ----------------------------------------------------------------------
      3562        934         32        236       1056       9896   Object Totals
         0          0         32          0          0          0   (incl. Generated)
        10          0          0          0          1          0   (incl. Padding)

    ----------------------------------------------------------------------

      Code (inc. data)   RO Data    RW Data    ZI Data      Debug   Library Member Name

         8          0          0          0          0         68   __main.o
         0          0          0          0          0          0   __rtentry.o
        12          0          0          0          0          0   __rtentry2.o
         6          0          0          0          0          0   __rtentry4.o
        52          8          0          0          0          0   __scatter.o
        26          0          0          0          0          0   __scatter_copy.o
        28          0          0          0          0          0   __scatter_zi.o
        18          0          0          0          0         80   exit.o
         6          0          0          0          0        152   heapauxi.o
         0          0          0          0          0          0   indicate_semi.o
         2          0          0          0          0          0   libinit.o
         6          0          0          0          0          0   libinit2.o
         2          0          0          0          0          0   libshutdown.o
         2          0          0          0          0          0   libshutdown2.o
         8          4          0          0         96         68   libspace.o
         2          0          0          0          0          0   rtexit.o
        10          0          0          0          0          0   rtexit2.o
        12          4          0          0          0         68   sys_exit.o
        74          0          0          0          0         80   sys_stackheap_outer.o
         2          0          0          0          0         68   use_no_semi.o
        26          0          0          0          0        116   fpinit.o

    ----------------------------------------------------------------------
       310         16          0          0         96        700   Library Totals
         8          0          0          0          0          0   (incl. Padding)

    ----------------------------------------------------------------------

      Code (inc. data)   RO Data    RW Data    ZI Data      Debug   Library Name

       276         16          0          0         96        584   c_w.l
        26          0          0          0          0        116   fz_wm.l

    ----------------------------------------------------------------------
       310         16          0          0         96        700   Library Totals

    ----------------------------------------------------------------------

==============================================================================


      Code (inc. data)   RO Data    RW Data    ZI Data      Debug   

      3872        950         32        236       1152      10420   Grand Totals
      3872        950         32        236       1152      10420   ELF Image Totals
      3872        950         32        236          0          0   ROM Totals

==============================================================================

    Total RO  Size (Code + RO Data)                 3904 (   3.81kB)
    Total RW  Size (RW Data + ZI Data)              1388 (   1.36kB)
    Total ROM Size (Code + RO Data + RW Data)       4140 (   4.04kB)

==============================================================================

